exports[`test StringCell renders 1`] = `
<input
  autoFocus={true}
  onBlur={[Function]}
  onChange={[Function]}
  onKeyDown={[Function]}
  placeholder="Enter a String..."
  type="text"
  value="some string" />
`;
